#
# There is insufficient memory for the Java Runtime Environment to continue.
# Native memory allocation (malloc) failed to allocate 1607216 bytes. Error detail: Chunk::new
# Possible reasons:
#   The system is out of physical RAM or swap space
#   This process is running with CompressedOops enabled, and the Java Heap may be blocking the growth of the native heap
# Possible solutions:
#   Reduce memory load on the system
#   Increase physical memory or swap space
#   Check if swap backing store is full
#   Decrease Java heap size (-Xmx/-Xms)
#   Decrease number of Java threads
#   Decrease Java thread stack sizes (-Xss)
#   Set larger code cache with -XX:ReservedCodeCacheSize=
#   JVM is running with Unscaled Compressed Oops mode in which the Java heap is
#     placed in the first 4GB address space. The Java Heap base address is the
#     maximum limit for the native heap growth. Please use -XX:HeapBaseMinAddress
#     to set the Java Heap base and to place the Java Heap above 4GB virtual address.
# This output file may be truncated or incomplete.
#
#  Out of Memory Error (arena.cpp:168), pid=22244, tid=16576
#
# JRE version: OpenJDK Runtime Environment Temurin-21.0.8+9 (21.0.8+9) (build 21.0.8+9-LTS)
# Java VM: OpenJDK 64-Bit Server VM Temurin-21.0.8+9 (21.0.8+9-LTS, mixed mode, sharing, tiered, compressed oops, compressed class ptrs, parallel gc, windows-amd64)
# No core dump will be written. Minidumps are not enabled by default on client versions of Windows
#

---------------  S U M M A R Y ------------

Command Line: --add-modules=ALL-SYSTEM --add-opens=java.base/java.util=ALL-UNNAMED --add-opens=java.base/java.lang=ALL-UNNAMED --add-opens=java.base/sun.nio.fs=ALL-UNNAMED -Declipse.application=org.eclipse.jdt.ls.core.id1 -Dosgi.bundles.defaultStartLevel=4 -Declipse.product=org.eclipse.jdt.ls.core.product -Djava.import.generatesMetadataFilesAtProjectRoot=false -DDetectVMInstallationsJob.disabled=true -Dfile.encoding=utf8 -XX:+UseParallelGC -XX:GCTimeRatio=4 -XX:AdaptiveSizePolicyWeight=90 -Dsun.zip.disableMemoryMapping=true -Xmx2G -Xms100m -Xlog:disable -javaagent:c:\Users\nicol\.vscode\extensions\redhat.java-1.46.0-win32-x64\lombok\lombok-1.18.39-4050.jar -XX:+HeapDumpOnOutOfMemoryError -XX:HeapDumpPath=c:\Users\nicol\AppData\Roaming\Code\User\workspaceStorage\63505fe25d4a6000ec465075358af110\redhat.java -Daether.dependencyCollector.impl=bf c:\Users\nicol\.vscode\extensions\redhat.java-1.46.0-win32-x64\server\plugins\org.eclipse.equinox.launcher_1.7.0.v20250519-0528.jar -configuration c:\Users\nicol\AppData\Roaming\Code\User\globalStorage\redhat.java\1.46.0\config_win -data c:\Users\nicol\AppData\Roaming\Code\User\workspaceStorage\63505fe25d4a6000ec465075358af110\redhat.java\jdt_ws --pipe=\\.\pipe\lsp-cab9c3f60fcf7f1db27bc660ce9753d3-sock

Host: Intel(R) Core(TM) i3-10100F CPU @ 3.60GHz, 8 cores, 7G,  Windows 11 , 64 bit Build 26100 (10.0.26100.6725)
Time: Wed Oct 29 21:25:35 2025 Hora estándar de Argentina elapsed time: 141.778595 seconds (0d 0h 2m 21s)

---------------  T H R E A D  ---------------

Current thread (0x000001efdb203120):  JavaThread "C2 CompilerThread1" daemon [_thread_in_native, id=16576, stack(0x000000397b500000,0x000000397b600000) (1024K)]


Current CompileTask:
C2:141778 15293   !   4       lombok.core.AST::buildWithField0 (121 bytes)

Stack: [0x000000397b500000,0x000000397b600000]
Native frames: (J=compiled Java code, j=interpreted, Vv=VM code, C=native code)
V  [jvm.dll+0x6d2449]
V  [jvm.dll+0x8ae341]
V  [jvm.dll+0x8b08be]
V  [jvm.dll+0x8b0fa3]
V  [jvm.dll+0x280c96]
V  [jvm.dll+0xc581d]
V  [jvm.dll+0xc5d53]
V  [jvm.dll+0x3b9162]
V  [jvm.dll+0x385315]
V  [jvm.dll+0x38477a]
V  [jvm.dll+0x248ed0]
V  [jvm.dll+0x2484af]
V  [jvm.dll+0x1c89ee]
V  [jvm.dll+0x257d4d]
V  [jvm.dll+0x2562ea]
V  [jvm.dll+0x3f2d16]
V  [jvm.dll+0x857e6b]
V  [jvm.dll+0x6d0b0d]
C  [ucrtbase.dll+0x37b0]
C  [KERNEL32.DLL+0x2e8d7]
C  [ntdll.dll+0x8c53c]


---------------  P R O C E S S  ---------------

Threads class SMR info:
_java_thread_list=0x000001efdc01b840, length=87, elements={
0x000001efefd84750, 0x000001efefcf0640, 0x000001efefcf27f0, 0x000001efefcf80e0,
0x000001efefcf8d30, 0x000001efefcfb990, 0x000001efefcfc5e0, 0x000001efefd00140,
0x000001efefd21670, 0x000001efefdef750, 0x000001effd307630, 0x000001effdab0920,
0x000001effdab1cd0, 0x000001effdab0fb0, 0x000001effdab3080, 0x000001effe178d50,
0x000001effe179a70, 0x000001effe17bb40, 0x000001effe1793e0, 0x000001effe17a100,
0x000001effe17ae20, 0x000001effe17c1d0, 0x000001effe17d580, 0x000001effe17b4b0,
0x000001effe17dc10, 0x000001effe17a790, 0x000001effe17f650, 0x000001effe17e2a0,
0x000001effe17e930, 0x000001effe17fce0, 0x000001effe17efc0, 0x000001effe17cef0,
0x000001effe180370, 0x000001effdab29f0, 0x000001effdaafc00, 0x000001effdab0290,
0x000001effdab2360, 0x000001efff2a9eb0, 0x000001efff2a8b00, 0x000001efff2a9190,
0x000001efff2ae050, 0x000001efd2794db0, 0x000001efd2794720, 0x000001efd2793370,
0x000001efd2795440, 0x000001efd2793a00, 0x000001efd2791fc0, 0x000001efd2795ad0,
0x000001efd2792650, 0x000001efd2792ce0, 0x000001efd2794090, 0x000001efd2797510,
0x000001efd2790c10, 0x000001efd2796160, 0x000001efff2a70c0, 0x000001efff2a7750,
0x000001efdb203120, 0x000001efff2ad9c0, 0x000001efdc1e6eb0, 0x000001efff2acca0,
0x000001efff2ae6e0, 0x000001efff2ab8f0, 0x000001efff2abf80, 0x000001efff2ac610,
0x000001efd27967f0, 0x000001efd2797ba0, 0x000001efdbf92a40, 0x000001efdbf95830,
0x000001efdbf95ec0, 0x000001efdbf94480, 0x000001efdbf93760, 0x000001efdbf951a0,
0x000001efdbf94b10, 0x000001efdab9d1c0, 0x000001efdab9ec00, 0x000001efdab9dee0,
0x000001efdab9c4a0, 0x000001efdab9e570, 0x000001efdab9b780, 0x000001efdab9cb30,
0x000001efdab9f290, 0x000001efdab9be10, 0x000001efdaba1360, 0x000001efdaba19f0,
0x000001efdab9ffb0, 0x000001efdaba2080, 0x000001efdaba0640
}

Java Threads: ( => current thread )
  0x000001efefd84750 JavaThread "main"                              [_thread_blocked, id=27248, stack(0x0000003977500000,0x0000003977600000) (1024K)]
  0x000001efefcf0640 JavaThread "Reference Handler"          daemon [_thread_blocked, id=17936, stack(0x0000003977900000,0x0000003977a00000) (1024K)]
  0x000001efefcf27f0 JavaThread "Finalizer"                  daemon [_thread_blocked, id=24912, stack(0x0000003977a00000,0x0000003977b00000) (1024K)]
  0x000001efefcf80e0 JavaThread "Signal Dispatcher"          daemon [_thread_blocked, id=16260, stack(0x0000003977b00000,0x0000003977c00000) (1024K)]
  0x000001efefcf8d30 JavaThread "Attach Listener"            daemon [_thread_blocked, id=9184, stack(0x0000003977c00000,0x0000003977d00000) (1024K)]
  0x000001efefcfb990 JavaThread "Service Thread"             daemon [_thread_blocked, id=20160, stack(0x0000003977d00000,0x0000003977e00000) (1024K)]
  0x000001efefcfc5e0 JavaThread "Monitor Deflation Thread"   daemon [_thread_blocked, id=27576, stack(0x0000003977e00000,0x0000003977f00000) (1024K)]
  0x000001efefd00140 JavaThread "C2 CompilerThread0"         daemon [_thread_in_native, id=7516, stack(0x0000003977f00000,0x0000003978000000) (1024K)]
  0x000001efefd21670 JavaThread "C1 CompilerThread0"         daemon [_thread_blocked, id=27364, stack(0x0000003978000000,0x0000003978100000) (1024K)]
  0x000001efefdef750 JavaThread "Common-Cleaner"             daemon [_thread_blocked, id=15480, stack(0x0000003978100000,0x0000003978200000) (1024K)]
  0x000001effd307630 JavaThread "Notification Thread"        daemon [_thread_blocked, id=21500, stack(0x0000003978200000,0x0000003978300000) (1024K)]
  0x000001effdab0920 JavaThread "Active Thread: Equinox Container: f52ca7f6-adbb-4bbf-92b9-9d06570e030e"        [_thread_blocked, id=23412, stack(0x0000003978f00000,0x0000003979000000) (1024K)]
  0x000001effdab1cd0 JavaThread "Framework Event Dispatcher: Equinox Container: f52ca7f6-adbb-4bbf-92b9-9d06570e030e" daemon [_thread_blocked, id=28084, stack(0x0000003978900000,0x0000003978a00000) (1024K)]
  0x000001effdab0fb0 JavaThread "Start Level: Equinox Container: f52ca7f6-adbb-4bbf-92b9-9d06570e030e" daemon [_thread_blocked, id=27024, stack(0x0000003978a00000,0x0000003978b00000) (1024K)]
  0x000001effdab3080 JavaThread "Refresh Thread: Equinox Container: f52ca7f6-adbb-4bbf-92b9-9d06570e030e" daemon [_thread_blocked, id=27852, stack(0x0000003978d00000,0x0000003978e00000) (1024K)]
  0x000001effe178d50 JavaThread "Bundle File Closer"         daemon [_thread_blocked, id=27296, stack(0x0000003978e00000,0x0000003978f00000) (1024K)]
  0x000001effe179a70 JavaThread "SCR Component Actor"        daemon [_thread_blocked, id=3348, stack(0x0000003977200000,0x0000003977300000) (1024K)]
  0x000001effe17bb40 JavaThread "Worker-JM"                         [_thread_blocked, id=19084, stack(0x0000003979000000,0x0000003979100000) (1024K)]
  0x000001effe1793e0 JavaThread "JNA Cleaner"                daemon [_thread_blocked, id=15732, stack(0x0000003979100000,0x0000003979200000) (1024K)]
  0x000001effe17a100 JavaThread "Worker-0"                          [_thread_blocked, id=28548, stack(0x0000003978c00000,0x0000003978d00000) (1024K)]
  0x000001effe17ae20 JavaThread "Worker-1"                          [_thread_blocked, id=28544, stack(0x0000003979200000,0x0000003979300000) (1024K)]
  0x000001effe17c1d0 JavaThread "Worker-2: Building"                [_thread_in_Java, id=9916, stack(0x0000003979400000,0x0000003979500000) (1024K)]
  0x000001effe17d580 JavaThread "Worker-3"                          [_thread_blocked, id=26156, stack(0x0000003979500000,0x0000003979600000) (1024K)]
  0x000001effe17b4b0 JavaThread "Java indexing"              daemon [_thread_blocked, id=920, stack(0x0000003979600000,0x0000003979700000) (1024K)]
  0x000001effe17dc10 JavaThread "Worker-4"                          [_thread_blocked, id=27080, stack(0x0000003979900000,0x0000003979a00000) (1024K)]
  0x000001effe17a790 JavaThread "Worker-5"                          [_thread_blocked, id=20364, stack(0x0000003979a00000,0x0000003979b00000) (1024K)]
  0x000001effe17f650 JavaThread "Thread-1"                   daemon [_thread_in_native, id=25848, stack(0x0000003979b00000,0x0000003979c00000) (1024K)]
  0x000001effe17e2a0 JavaThread "Thread-2"                   daemon [_thread_in_native, id=24544, stack(0x0000003979c00000,0x0000003979d00000) (1024K)]
  0x000001effe17e930 JavaThread "Thread-3"                   daemon [_thread_in_native, id=21092, stack(0x0000003979d00000,0x0000003979e00000) (1024K)]
  0x000001effe17fce0 JavaThread "Thread-4"                   daemon [_thread_in_native, id=27772, stack(0x0000003979e00000,0x0000003979f00000) (1024K)]
  0x000001effe17efc0 JavaThread "Thread-5"                   daemon [_thread_in_native, id=24388, stack(0x0000003979f00000,0x000000397a000000) (1024K)]
  0x000001effe17cef0 JavaThread "Thread-6"                   daemon [_thread_in_native, id=26820, stack(0x000000397a000000,0x000000397a100000) (1024K)]
  0x000001effe180370 JavaThread "Thread-7"                   daemon [_thread_in_native, id=27812, stack(0x000000397a100000,0x000000397a200000) (1024K)]
  0x000001effdab29f0 JavaThread "Thread-8"                   daemon [_thread_in_native, id=9540, stack(0x000000397a200000,0x000000397a300000) (1024K)]
  0x000001effdaafc00 JavaThread "Thread-9"                   daemon [_thread_in_native, id=28092, stack(0x000000397a300000,0x000000397a400000) (1024K)]
  0x000001effdab0290 JavaThread "pool-2-thread-1"                   [_thread_blocked, id=9052, stack(0x000000397a400000,0x000000397a500000) (1024K)]
  0x000001effdab2360 JavaThread "WorkspaceEventsHandler"            [_thread_blocked, id=14800, stack(0x000000397a500000,0x000000397a600000) (1024K)]
  0x000001efff2a9eb0 JavaThread "pool-1-thread-1"                   [_thread_blocked, id=19392, stack(0x000000397a600000,0x000000397a700000) (1024K)]
  0x000001efff2a8b00 JavaThread "Timer-0"                           [_thread_blocked, id=27652, stack(0x000000397a700000,0x000000397a800000) (1024K)]
  0x000001efff2a9190 JavaThread "Timer-1"                           [_thread_blocked, id=6008, stack(0x000000397a900000,0x000000397aa00000) (1024K)]
  0x000001efff2ae050 JavaThread "Timer-2"                           [_thread_blocked, id=13128, stack(0x000000397b300000,0x000000397b400000) (1024K)]
  0x000001efd2794db0 JavaThread "Exec process"                      [_thread_blocked, id=26228, stack(0x0000003977400000,0x0000003977500000) (1024K)]
  0x000001efd2794720 JavaThread "Exec process Thread 2"             [_thread_blocked, id=28140, stack(0x0000003979300000,0x0000003979400000) (1024K)]
  0x000001efd2793370 JavaThread "Exec process Thread 3"             [_thread_blocked, id=26224, stack(0x000000397ab00000,0x000000397ac00000) (1024K)]
  0x000001efd2795440 JavaThread "Exec process Thread 4"             [_thread_blocked, id=23320, stack(0x000000397ac00000,0x000000397ad00000) (1024K)]
  0x000001efd2793a00 JavaThread "Exec process Thread 5"             [_thread_blocked, id=27784, stack(0x000000397ad00000,0x000000397ae00000) (1024K)]
  0x000001efd2791fc0 JavaThread "Exec process Thread 6"             [_thread_blocked, id=27924, stack(0x000000397ae00000,0x000000397af00000) (1024K)]
  0x000001efd2795ad0 JavaThread "Timer-3"                           [_thread_blocked, id=8940, stack(0x0000003977300000,0x0000003977400000) (1024K)]
  0x000001efd2792650 JavaThread "Timer-4"                           [_thread_blocked, id=10212, stack(0x000000397af00000,0x000000397b000000) (1024K)]
  0x000001efd2792ce0 JavaThread "Timer-5"                           [_thread_blocked, id=27120, stack(0x000000397aa00000,0x000000397ab00000) (1024K)]
  0x000001efd2794090 JavaThread "Timer-6"                           [_thread_blocked, id=21508, stack(0x000000397b000000,0x000000397b100000) (1024K)]
  0x000001efd2797510 JavaThread "Worker-6"                          [_thread_blocked, id=16312, stack(0x000000397b400000,0x000000397b500000) (1024K)]
  0x000001efd2790c10 JavaThread "Timer-7"                           [_thread_blocked, id=12084, stack(0x000000397b200000,0x000000397b300000) (1024K)]
  0x000001efd2796160 JavaThread "Timer-8"                           [_thread_blocked, id=27912, stack(0x000000397b100000,0x000000397b200000) (1024K)]
  0x000001efff2a70c0 JavaThread "Timer-9"                           [_thread_blocked, id=26080, stack(0x000000397b600000,0x000000397b700000) (1024K)]
  0x000001efff2a7750 JavaThread "Timer-10"                          [_thread_blocked, id=17744, stack(0x000000397b700000,0x000000397b800000) (1024K)]
=>0x000001efdb203120 JavaThread "C2 CompilerThread1"         daemon [_thread_in_native, id=16576, stack(0x000000397b500000,0x000000397b600000) (1024K)]
  0x000001efff2ad9c0 JavaThread "Worker-7"                          [_thread_blocked, id=28004, stack(0x000000397b900000,0x000000397ba00000) (1024K)]
  0x000001efdc1e6eb0 JavaThread "C2 CompilerThread2"         daemon [_thread_in_native, id=16592, stack(0x000000397b800000,0x000000397b900000) (1024K)]
  0x000001efff2acca0 JavaThread "LocalFile Deleter"          daemon [_thread_blocked, id=880, stack(0x000000397ba00000,0x000000397bb00000) (1024K)]
  0x000001efff2ae6e0 JavaThread "LocalFile Deleter"          daemon [_thread_blocked, id=25836, stack(0x000000397bb00000,0x000000397bc00000) (1024K)]
  0x000001efff2ab8f0 JavaThread "LocalFile Deleter"          daemon [_thread_blocked, id=28288, stack(0x000000397bc00000,0x000000397bd00000) (1024K)]
  0x000001efff2abf80 JavaThread "LocalFile Deleter"          daemon [_thread_blocked, id=6768, stack(0x000000397bd00000,0x000000397be00000) (1024K)]
  0x000001efff2ac610 JavaThread "LocalFile Deleter"          daemon [_thread_blocked, id=28648, stack(0x000000397be00000,0x000000397bf00000) (1024K)]
  0x000001efd27967f0 JavaThread "LocalFile Deleter"          daemon [_thread_blocked, id=9648, stack(0x000000397bf00000,0x000000397c000000) (1024K)]
  0x000001efd2797ba0 JavaThread "LocalFile Deleter"          daemon [_thread_blocked, id=23728, stack(0x000000397c000000,0x000000397c100000) (1024K)]
  0x000001efdbf92a40 JavaThread "LocalFile Deleter"          daemon [_thread_blocked, id=26508, stack(0x000000397c100000,0x000000397c200000) (1024K)]
  0x000001efdbf95830 JavaThread "Compiler Source File Reader" daemon [_thread_blocked, id=3140, stack(0x0000003979700000,0x0000003979800000) (1024K)]
  0x000001efdbf95ec0 JavaThread "Compiler Source File Reader" daemon [_thread_blocked, id=10828, stack(0x000000397c200000,0x000000397c300000) (1024K)]
  0x000001efdbf94480 JavaThread "Compiler Source File Reader" daemon [_thread_blocked, id=28012, stack(0x000000397c300000,0x000000397c400000) (1024K)]
  0x000001efdbf93760 JavaThread "Compiler Source File Reader" daemon [_thread_blocked, id=17716, stack(0x000000397c400000,0x000000397c500000) (1024K)]
  0x000001efdbf951a0 JavaThread "Compiler Source File Reader" daemon [_thread_blocked, id=28300, stack(0x000000397c500000,0x000000397c600000) (1024K)]
  0x000001efdbf94b10 JavaThread "Compiler Source File Reader" daemon [_thread_blocked, id=25856, stack(0x000000397c600000,0x000000397c700000) (1024K)]
  0x000001efdab9d1c0 JavaThread "ForkJoinPool.commonPool-worker-1" daemon [_thread_blocked, id=11996, stack(0x000000397c700000,0x000000397c800000) (1024K)]
  0x000001efdab9ec00 JavaThread "ForkJoinPool.commonPool-worker-2" daemon [_thread_blocked, id=5224, stack(0x000000397c800000,0x000000397c900000) (1024K)]
  0x000001efdab9dee0 JavaThread "ForkJoinPool.commonPool-worker-3" daemon [_thread_blocked, id=28636, stack(0x000000397c900000,0x000000397ca00000) (1024K)]
  0x000001efdab9c4a0 JavaThread "ForkJoinPool.commonPool-worker-4" daemon [_thread_blocked, id=5716, stack(0x000000397ca00000,0x000000397cb00000) (1024K)]
  0x000001efdab9e570 JavaThread "ForkJoinPool.commonPool-worker-5" daemon [_thread_blocked, id=26636, stack(0x000000397cb00000,0x000000397cc00000) (1024K)]
  0x000001efdab9b780 JavaThread "ForkJoinPool.commonPool-worker-6" daemon [_thread_blocked, id=28320, stack(0x000000397cc00000,0x000000397cd00000) (1024K)]
  0x000001efdab9cb30 JavaThread "ForkJoinPool.commonPool-worker-7" daemon [_thread_blocked, id=1616, stack(0x000000397cd00000,0x000000397ce00000) (1024K)]
  0x000001efdab9f290 JavaThread "Compiler Processing Task"   daemon [_thread_blocked, id=14776, stack(0x000000397ce00000,0x000000397cf00000) (1024K)]
  0x000001efdab9be10 JavaThread "Compiler Class File Writer" daemon [_thread_blocked, id=27776, stack(0x000000397cf00000,0x000000397d000000) (1024K)]
  0x000001efdaba1360 JavaThread "Compiler Class File Writer" daemon [_thread_blocked, id=28100, stack(0x000000397d000000,0x000000397d100000) (1024K)]
  0x000001efdaba19f0 JavaThread "Compiler Class File Writer" daemon [_thread_blocked, id=12116, stack(0x000000397d100000,0x000000397d200000) (1024K)]
  0x000001efdab9ffb0 JavaThread "Compiler Class File Writer" daemon [_thread_blocked, id=1292, stack(0x000000397d200000,0x000000397d300000) (1024K)]
  0x000001efdaba2080 JavaThread "Compiler Class File Writer" daemon [_thread_blocked, id=27952, stack(0x000000397d300000,0x000000397d400000) (1024K)]
  0x000001efdaba0640 JavaThread "Compiler Class File Writer" daemon [_thread_blocked, id=11944, stack(0x000000397d400000,0x000000397d500000) (1024K)]
Total: 87

Other Threads:
  0x000001efefcd28a0 VMThread "VM Thread"                           [id=15296, stack(0x0000003977800000,0x0000003977900000) (1024K)]
  0x000001efefc0ca00 WatcherThread "VM Periodic Task Thread"        [id=15744, stack(0x0000003977700000,0x0000003977800000) (1024K)]
  0x000001efefda2f50 WorkerThread "GC Thread#0"                     [id=20056, stack(0x0000003977600000,0x0000003977700000) (1024K)]
  0x000001effd923c20 WorkerThread "GC Thread#1"                     [id=18888, stack(0x0000003978300000,0x0000003978400000) (1024K)]
  0x000001effd62b5c0 WorkerThread "GC Thread#2"                     [id=2664, stack(0x0000003978400000,0x0000003978500000) (1024K)]
  0x000001effd62b960 WorkerThread "GC Thread#3"                     [id=8688, stack(0x0000003978500000,0x0000003978600000) (1024K)]
  0x000001effd62bd00 WorkerThread "GC Thread#4"                     [id=18052, stack(0x0000003978600000,0x0000003978700000) (1024K)]
  0x000001effd62c0a0 WorkerThread "GC Thread#5"                     [id=27192, stack(0x0000003978700000,0x0000003978800000) (1024K)]
  0x000001effd62c440 WorkerThread "GC Thread#6"                     [id=24052, stack(0x0000003978800000,0x0000003978900000) (1024K)]
  0x000001effd8aefc0 WorkerThread "GC Thread#7"                     [id=27872, stack(0x0000003978b00000,0x0000003978c00000) (1024K)]
Total: 10

Threads with active compile tasks:
C2 CompilerThread0  141835 15524       4       org.eclipse.jdt.internal.compiler.lookup.Scope::findMemberType (723 bytes)
C2 CompilerThread1  141835 15293   !   4       lombok.core.AST::buildWithField0 (121 bytes)
C2 CompilerThread2  141835 15525       4       org.eclipse.jdt.internal.compiler.util.JrtFileSystem::getClassfileFromModule (93 bytes)
Total: 3

VM state: not at safepoint (normal execution)

VM Mutex/Monitor currently owned by a thread: None

Heap address: 0x0000000080000000, size: 2048 MB, Compressed Oops mode: 32-bit

CDS archive(s) mapped at: [0x000001ef8f000000-0x000001ef8fba0000-0x000001ef8fba0000), size 12189696, SharedBaseAddress: 0x000001ef8f000000, ArchiveRelocationMode: 1.
Compressed class space mapped at: 0x000001ef90000000-0x000001efd0000000, reserved size: 1073741824
Narrow klass base: 0x000001ef8f000000, Narrow klass shift: 0, Narrow klass range: 0x100000000

GC Precious Log:
 CardTable entry size: 512
 CPUs: 8 total, 8 available
 Memory: 8113M
 Large Page Support: Disabled
 NUMA Support: Disabled
 Compressed Oops: Enabled (32-bit)
 Alignments: Space 512K, Generation 512K, Heap 2M
 Heap Min Capacity: 100M
 Heap Initial Capacity: 100M
 Heap Max Capacity: 2G
 Pre-touch: Disabled
 Parallel Workers: 8

Heap:
 PSYoungGen      total 5632K, used 1927K [0x00000000d5580000, 0x00000000d5c00000, 0x0000000100000000)
  eden space 4608K, 28% used [0x00000000d5580000,0x00000000d56cdf98,0x00000000d5a00000)
  from space 1024K, 59% used [0x00000000d5a00000,0x00000000d5a98000,0x00000000d5b00000)
  to   space 1024K, 0% used [0x00000000d5b00000,0x00000000d5b00000,0x00000000d5c00000)
 ParOldGen       total 1294336K, used 1294234K [0x0000000080000000, 0x00000000cf000000, 0x00000000d5580000)
  object space 1294336K, 99% used [0x0000000080000000,0x00000000cefe6970,0x00000000cf000000)
 Metaspace       used 83528K, committed 85120K, reserved 1179648K
  class space    used 9802K, committed 10496K, reserved 1048576K

Card table byte_map: [0x000001efef720000,0x000001efefb30000] _byte_map_base: 0x000001efef320000

Marking Bits: (ParMarkBitMap*) 0x00007ffc6266a340
 Begin Bits: [0x000001eff3220000, 0x000001eff5220000)
 End Bits:   [0x000001eff5220000, 0x000001eff7220000)

Polling page: 0x000001efef320000

Metaspace:

Usage:
  Non-class:     72.00 MB used.
      Class:      9.57 MB used.
       Both:     81.57 MB used.

Virtual space:
  Non-class space:      128.00 MB reserved,      72.88 MB ( 57%) committed,  2 nodes.
      Class space:        1.00 GB reserved,      10.25 MB (  1%) committed,  1 nodes.
             Both:        1.12 GB reserved,      83.12 MB (  7%) committed. 

Chunk freelists:
   Non-Class:  7.08 MB
       Class:  5.75 MB
        Both:  12.83 MB

MaxMetaspaceSize: unlimited
CompressedClassSpaceSize: 1.00 GB
Initial GC threshold: 21.00 MB
Current GC threshold: 97.31 MB
CDS: on
 - commit_granule_bytes: 65536.
 - commit_granule_words: 8192.
 - virtual_space_node_default_size: 8388608.
 - enlarge_chunks_in_place: 1.
 - use_allocation_guard: 0.


Internal statistics:

num_allocs_failed_limit: 9.
num_arena_births: 1412.
num_arena_deaths: 14.
num_vsnodes_births: 3.
num_vsnodes_deaths: 0.
num_space_committed: 1330.
num_space_uncommitted: 0.
num_chunks_returned_to_freelist: 23.
num_chunks_taken_from_freelist: 5030.
num_chunk_merges: 13.
num_chunk_splits: 3162.
num_chunks_enlarged: 1903.
num_inconsistent_stats: 0.

CodeHeap 'non-profiled nmethods': size=120000Kb used=15082Kb max_used=15082Kb free=104918Kb
 bounds [0x000001ef87ad0000, 0x000001ef88990000, 0x000001ef8f000000]
CodeHeap 'profiled nmethods': size=120000Kb used=34925Kb max_used=34925Kb free=85074Kb
 bounds [0x000001ef80000000, 0x000001ef82220000, 0x000001ef87530000]
CodeHeap 'non-nmethods': size=5760Kb used=1482Kb max_used=1586Kb free=4277Kb
 bounds [0x000001ef87530000, 0x000001ef877a0000, 0x000001ef87ad0000]
CodeCache: size=245760Kb, used=51489Kb, max_used=51593Kb, free=194269Kb
 total_blobs=15397, nmethods=14599, adapters=702, full_count=0
Compilation: enabled, stopped_count=0, restarted_count=0

Compilation events (20 events):
Event: 140.768 Thread 0x000001efdc1e6eb0 nmethod 15518 0x000001ef88984310 code [0x000001ef88984520, 0x000001ef88985130]
Event: 140.768 Thread 0x000001efdc1e6eb0 15526       4       org.eclipse.jdt.internal.compiler.codegen.CharArrayCache::put (103 bytes)
Event: 140.768 Thread 0x000001efefd21670 15559 %     3       org.eclipse.core.internal.dtree.DeltaDataTree::searchNodeAt @ 39 (120 bytes)
Event: 140.769 Thread 0x000001efefd21670 nmethod 15559% 0x000001ef8220ac90 code [0x000001ef8220aee0, 0x000001ef8220b9a8]
Event: 140.769 Thread 0x000001efefd21670 15560       3       org.eclipse.core.internal.utils.ObjectMap::put (206 bytes)
Event: 140.770 Thread 0x000001efefd21670 nmethod 15560 0x000001ef8220bd90 code [0x000001ef8220c020, 0x000001ef8220ced0]
Event: 140.775 Thread 0x000001efefd21670 15561       1       org.eclipse.jdt.core.compiler.CompilationParticipant::isAnnotationProcessor (2 bytes)
Event: 140.776 Thread 0x000001efefd21670 nmethod 15561 0x000001ef88985690 code [0x000001ef88985820, 0x000001ef889858e8]
Event: 140.776 Thread 0x000001efefd21670 15562       3       org.eclipse.core.internal.dtree.DeltaDataTree::searchNodeAt (120 bytes)
Event: 140.777 Thread 0x000001efefd21670 nmethod 15562 0x000001ef8220d290 code [0x000001ef8220d4e0, 0x000001ef8220de68]
Event: 140.777 Thread 0x000001efefd21670 15563       1       org.eclipse.core.internal.resources.ProjectNatureDescriptor::getRequiredNatureIds (5 bytes)
Event: 140.777 Thread 0x000001efefd21670 nmethod 15563 0x000001ef88985990 code [0x000001ef88985b20, 0x000001ef88985be8]
Event: 140.778 Thread 0x000001efefd21670 15564       1       org.eclipse.core.internal.events.BuilderPersistentInfo::getConfigName (5 bytes)
Event: 140.778 Thread 0x000001efefd21670 nmethod 15564 0x000001ef88985c90 code [0x000001ef88985e20, 0x000001ef88985ee8]
Event: 140.778 Thread 0x000001efefd21670 15565       1       org.eclipse.core.internal.events.BuilderPersistentInfo::getBuildSpecIndex (5 bytes)
Event: 140.778 Thread 0x000001efefd21670 nmethod 15565 0x000001ef88985f90 code [0x000001ef88986120, 0x000001ef889861e8]
Event: 140.782 Thread 0x000001efefd21670 15566       1       org.eclipse.core.internal.events.InternalBuilder::setInterestingProjects (6 bytes)
Event: 140.783 Thread 0x000001efefd21670 nmethod 15566 0x000001ef88986290 code [0x000001ef88986420, 0x000001ef88986500]
Event: 140.783 Thread 0x000001efefd21670 15567   !   3       org.eclipse.core.internal.events.BuildCommand::getBuilder (45 bytes)
Event: 140.783 Thread 0x000001efefd21670 nmethod 15567 0x000001ef8220e210 code [0x000001ef8220e400, 0x000001ef8220e8f0]

GC Heap History (20 events):
Event: 138.664 GC heap before
{Heap before GC invocations=1908 (full 3):
 PSYoungGen      total 6144K, used 5888K [0x00000000d5580000, 0x00000000d5d80000, 0x0000000100000000)
  eden space 5120K, 100% used [0x00000000d5580000,0x00000000d5a80000,0x00000000d5a80000)
  from space 1024K, 75% used [0x00000000d5c80000,0x00000000d5d40000,0x00000000d5d80000)
  to   space 1536K, 0% used [0x00000000d5a80000,0x00000000d5a80000,0x00000000d5c00000)
 ParOldGen       total 1286656K, used 1286250K [0x0000000080000000, 0x00000000ce880000, 0x00000000d5580000)
  object space 1286656K, 99% used [0x0000000080000000,0x00000000ce81aa08,0x00000000ce880000)
 Metaspace       used 82698K, committed 84288K, reserved 1179648K
  class space    used 9765K, committed 10496K, reserved 1048576K
}
Event: 138.668 GC heap after
{Heap after GC invocations=1908 (full 3):
 PSYoungGen      total 6656K, used 736K [0x00000000d5580000, 0x00000000d5d00000, 0x0000000100000000)
  eden space 5120K, 0% used [0x00000000d5580000,0x00000000d5580000,0x00000000d5a80000)
  from space 1536K, 47% used [0x00000000d5a80000,0x00000000d5b38000,0x00000000d5c00000)
  to   space 1024K, 0% used [0x00000000d5c00000,0x00000000d5c00000,0x00000000d5d00000)
 ParOldGen       total 1287168K, used 1286909K [0x0000000080000000, 0x00000000ce900000, 0x00000000d5580000)
  object space 1287168K, 99% used [0x0000000080000000,0x00000000ce8bf500,0x00000000ce900000)
 Metaspace       used 82698K, committed 84288K, reserved 1179648K
  class space    used 9765K, committed 10496K, reserved 1048576K
}
Event: 138.761 GC heap before
{Heap before GC invocations=1909 (full 3):
 PSYoungGen      total 6656K, used 5856K [0x00000000d5580000, 0x00000000d5d00000, 0x0000000100000000)
  eden space 5120K, 100% used [0x00000000d5580000,0x00000000d5a80000,0x00000000d5a80000)
  from space 1536K, 47% used [0x00000000d5a80000,0x00000000d5b38000,0x00000000d5c00000)
  to   space 1024K, 0% used [0x00000000d5c00000,0x00000000d5c00000,0x00000000d5d00000)
 ParOldGen       total 1287168K, used 1286909K [0x0000000080000000, 0x00000000ce900000, 0x00000000d5580000)
  object space 1287168K, 99% used [0x0000000080000000,0x00000000ce8bf500,0x00000000ce900000)
 Metaspace       used 82932K, committed 84480K, reserved 1179648K
  class space    used 9789K, committed 10496K, reserved 1048576K
}
Event: 138.765 GC heap after
{Heap after GC invocations=1909 (full 3):
 PSYoungGen      total 5632K, used 1008K [0x00000000d5580000, 0x00000000d5e80000, 0x0000000100000000)
  eden space 4608K, 0% used [0x00000000d5580000,0x00000000d5580000,0x00000000d5a00000)
  from space 1024K, 98% used [0x00000000d5c00000,0x00000000d5cfc010,0x00000000d5d00000)
  to   space 2048K, 0% used [0x00000000d5a00000,0x00000000d5a00000,0x00000000d5c00000)
 ParOldGen       total 1287680K, used 1287524K [0x0000000080000000, 0x00000000ce980000, 0x00000000d5580000)
  object space 1287680K, 99% used [0x0000000080000000,0x00000000ce959200,0x00000000ce980000)
 Metaspace       used 82932K, committed 84480K, reserved 1179648K
  class space    used 9789K, committed 10496K, reserved 1048576K
}
Event: 138.843 GC heap before
{Heap before GC invocations=1910 (full 3):
 PSYoungGen      total 5632K, used 5616K [0x00000000d5580000, 0x00000000d5e80000, 0x0000000100000000)
  eden space 4608K, 100% used [0x00000000d5580000,0x00000000d5a00000,0x00000000d5a00000)
  from space 1024K, 98% used [0x00000000d5c00000,0x00000000d5cfc010,0x00000000d5d00000)
  to   space 2048K, 0% used [0x00000000d5a00000,0x00000000d5a00000,0x00000000d5c00000)
 ParOldGen       total 1287680K, used 1287524K [0x0000000080000000, 0x00000000ce980000, 0x00000000d5580000)
  object space 1287680K, 99% used [0x0000000080000000,0x00000000ce959200,0x00000000ce980000)
 Metaspace       used 83114K, committed 84736K, reserved 1179648K
  class space    used 9796K, committed 10496K, reserved 1048576K
}
Event: 138.849 GC heap after
{Heap after GC invocations=1910 (full 3):
 PSYoungGen      total 6144K, used 1152K [0x00000000d5580000, 0x00000000d5d00000, 0x0000000100000000)
  eden space 4608K, 0% used [0x00000000d5580000,0x00000000d5580000,0x00000000d5a00000)
  from space 1536K, 75% used [0x00000000d5a00000,0x00000000d5b20020,0x00000000d5b80000)
  to   space 1536K, 0% used [0x00000000d5b80000,0x00000000d5b80000,0x00000000d5d00000)
 ParOldGen       total 1288704K, used 1288451K [0x0000000080000000, 0x00000000cea80000, 0x00000000d5580000)
  object space 1288704K, 99% used [0x0000000080000000,0x00000000cea40ea0,0x00000000cea80000)
 Metaspace       used 83114K, committed 84736K, reserved 1179648K
  class space    used 9796K, committed 10496K, reserved 1048576K
}
Event: 139.039 GC heap before
{Heap before GC invocations=1911 (full 3):
 PSYoungGen      total 6144K, used 5760K [0x00000000d5580000, 0x00000000d5d00000, 0x0000000100000000)
  eden space 4608K, 100% used [0x00000000d5580000,0x00000000d5a00000,0x00000000d5a00000)
  from space 1536K, 75% used [0x00000000d5a00000,0x00000000d5b20020,0x00000000d5b80000)
  to   space 1536K, 0% used [0x00000000d5b80000,0x00000000d5b80000,0x00000000d5d00000)
 ParOldGen       total 1288704K, used 1288451K [0x0000000080000000, 0x00000000cea80000, 0x00000000d5580000)
  object space 1288704K, 99% used [0x0000000080000000,0x00000000cea40ea0,0x00000000cea80000)
 Metaspace       used 83222K, committed 84800K, reserved 1179648K
  class space    used 9798K, committed 10496K, reserved 1048576K
}
Event: 139.044 GC heap after
{Heap after GC invocations=1911 (full 3):
 PSYoungGen      total 6144K, used 1184K [0x00000000d5580000, 0x00000000d5d00000, 0x0000000100000000)
  eden space 4608K, 0% used [0x00000000d5580000,0x00000000d5580000,0x00000000d5a00000)
  from space 1536K, 77% used [0x00000000d5b80000,0x00000000d5ca8020,0x00000000d5d00000)
  to   space 1536K, 0% used [0x00000000d5a00000,0x00000000d5a00000,0x00000000d5b80000)
 ParOldGen       total 1289728K, used 1289526K [0x0000000080000000, 0x00000000ceb80000, 0x00000000d5580000)
  object space 1289728K, 99% used [0x0000000080000000,0x00000000ceb4da50,0x00000000ceb80000)
 Metaspace       used 83222K, committed 84800K, reserved 1179648K
  class space    used 9798K, committed 10496K, reserved 1048576K
}
Event: 139.196 GC heap before
{Heap before GC invocations=1912 (full 3):
 PSYoungGen      total 6144K, used 5792K [0x00000000d5580000, 0x00000000d5d00000, 0x0000000100000000)
  eden space 4608K, 100% used [0x00000000d5580000,0x00000000d5a00000,0x00000000d5a00000)
  from space 1536K, 77% used [0x00000000d5b80000,0x00000000d5ca8020,0x00000000d5d00000)
  to   space 1536K, 0% used [0x00000000d5a00000,0x00000000d5a00000,0x00000000d5b80000)
 ParOldGen       total 1289728K, used 1289526K [0x0000000080000000, 0x00000000ceb80000, 0x00000000d5580000)
  object space 1289728K, 99% used [0x0000000080000000,0x00000000ceb4da50,0x00000000ceb80000)
 Metaspace       used 83338K, committed 84928K, reserved 1179648K
  class space    used 9799K, committed 10496K, reserved 1048576K
}
Event: 139.201 GC heap after
{Heap after GC invocations=1912 (full 3):
 PSYoungGen      total 5632K, used 832K [0x00000000d5580000, 0x00000000d5c00000, 0x0000000100000000)
  eden space 4608K, 0% used [0x00000000d5580000,0x00000000d5580000,0x00000000d5a00000)
  from space 1024K, 81% used [0x00000000d5a00000,0x00000000d5ad0000,0x00000000d5b00000)
  to   space 1024K, 0% used [0x00000000d5b00000,0x00000000d5b00000,0x00000000d5c00000)
 ParOldGen       total 1290752K, used 1290586K [0x0000000080000000, 0x00000000cec80000, 0x00000000d5580000)
  object space 1290752K, 99% used [0x0000000080000000,0x00000000cec56a80,0x00000000cec80000)
 Metaspace       used 83338K, committed 84928K, reserved 1179648K
  class space    used 9799K, committed 10496K, reserved 1048576K
}
Event: 139.276 GC heap before
{Heap before GC invocations=1913 (full 3):
 PSYoungGen      total 5632K, used 5440K [0x00000000d5580000, 0x00000000d5c00000, 0x0000000100000000)
  eden space 4608K, 100% used [0x00000000d5580000,0x00000000d5a00000,0x00000000d5a00000)
  from space 1024K, 81% used [0x00000000d5a00000,0x00000000d5ad0000,0x00000000d5b00000)
  to   space 1024K, 0% used [0x00000000d5b00000,0x00000000d5b00000,0x00000000d5c00000)
 ParOldGen       total 1290752K, used 1290586K [0x0000000080000000, 0x00000000cec80000, 0x00000000d5580000)
  object space 1290752K, 99% used [0x0000000080000000,0x00000000cec56a80,0x00000000cec80000)
 Metaspace       used 83401K, committed 84992K, reserved 1179648K
  class space    used 9800K, committed 10496K, reserved 1048576K
}
Event: 140.301 GC heap after
{Heap after GC invocations=1913 (full 3):
 PSYoungGen      total 5632K, used 736K [0x00000000d5580000, 0x00000000d5d00000, 0x0000000100000000)
  eden space 4608K, 0% used [0x00000000d5580000,0x00000000d5580000,0x00000000d5a00000)
  from space 1024K, 71% used [0x00000000d5b00000,0x00000000d5bb8000,0x00000000d5c00000)
  to   space 1024K, 0% used [0x00000000d5a00000,0x00000000d5a00000,0x00000000d5b00000)
 ParOldGen       total 1291776K, used 1291274K [0x0000000080000000, 0x00000000ced80000, 0x00000000d5580000)
  object space 1291776K, 99% used [0x0000000080000000,0x00000000ced02a80,0x00000000ced80000)
 Metaspace       used 83401K, committed 84992K, reserved 1179648K
  class space    used 9800K, committed 10496K, reserved 1048576K
}
Event: 140.369 GC heap before
{Heap before GC invocations=1914 (full 3):
 PSYoungGen      total 5632K, used 5344K [0x00000000d5580000, 0x00000000d5d00000, 0x0000000100000000)
  eden space 4608K, 100% used [0x00000000d5580000,0x00000000d5a00000,0x00000000d5a00000)
  from space 1024K, 71% used [0x00000000d5b00000,0x00000000d5bb8000,0x00000000d5c00000)
  to   space 1024K, 0% used [0x00000000d5a00000,0x00000000d5a00000,0x00000000d5b00000)
 ParOldGen       total 1291776K, used 1291274K [0x0000000080000000, 0x00000000ced80000, 0x00000000d5580000)
  object space 1291776K, 99% used [0x0000000080000000,0x00000000ced02a80,0x00000000ced80000)
 Metaspace       used 83431K, committed 84992K, reserved 1179648K
  class space    used 9802K, committed 10496K, reserved 1048576K
}
Event: 140.374 GC heap after
{Heap after GC invocations=1914 (full 3):
 PSYoungGen      total 5632K, used 800K [0x00000000d5580000, 0x00000000d5d00000, 0x0000000100000000)
  eden space 4608K, 0% used [0x00000000d5580000,0x00000000d5580000,0x00000000d5a00000)
  from space 1024K, 78% used [0x00000000d5a00000,0x00000000d5ac8000,0x00000000d5b00000)
  to   space 1024K, 0% used [0x00000000d5c00000,0x00000000d5c00000,0x00000000d5d00000)
 ParOldGen       total 1292288K, used 1291802K [0x0000000080000000, 0x00000000cee00000, 0x00000000d5580000)
  object space 1292288K, 99% used [0x0000000080000000,0x00000000ced86a80,0x00000000cee00000)
 Metaspace       used 83431K, committed 84992K, reserved 1179648K
  class space    used 9802K, committed 10496K, reserved 1048576K
}
Event: 140.421 GC heap before
{Heap before GC invocations=1915 (full 3):
 PSYoungGen      total 5632K, used 5408K [0x00000000d5580000, 0x00000000d5d00000, 0x0000000100000000)
  eden space 4608K, 100% used [0x00000000d5580000,0x00000000d5a00000,0x00000000d5a00000)
  from space 1024K, 78% used [0x00000000d5a00000,0x00000000d5ac8000,0x00000000d5b00000)
  to   space 1024K, 0% used [0x00000000d5c00000,0x00000000d5c00000,0x00000000d5d00000)
 ParOldGen       total 1292288K, used 1291802K [0x0000000080000000, 0x00000000cee00000, 0x00000000d5580000)
  object space 1292288K, 99% used [0x0000000080000000,0x00000000ced86a80,0x00000000cee00000)
 Metaspace       used 83448K, committed 84992K, reserved 1179648K
  class space    used 9802K, committed 10496K, reserved 1048576K
}
Event: 140.428 GC heap after
{Heap after GC invocations=1915 (full 3):
 PSYoungGen      total 5632K, used 720K [0x00000000d5580000, 0x00000000d5d00000, 0x0000000100000000)
  eden space 4608K, 0% used [0x00000000d5580000,0x00000000d5580000,0x00000000d5a00000)
  from space 1024K, 70% used [0x00000000d5c00000,0x00000000d5cb4120,0x00000000d5d00000)
  to   space 1024K, 0% used [0x00000000d5a00000,0x00000000d5a00000,0x00000000d5b00000)
 ParOldGen       total 1292800K, used 1292414K [0x0000000080000000, 0x00000000cee80000, 0x00000000d5580000)
  object space 1292800K, 99% used [0x0000000080000000,0x00000000cee1f820,0x00000000cee80000)
 Metaspace       used 83448K, committed 84992K, reserved 1179648K
  class space    used 9802K, committed 10496K, reserved 1048576K
}
Event: 140.543 GC heap before
{Heap before GC invocations=1916 (full 3):
 PSYoungGen      total 5632K, used 5328K [0x00000000d5580000, 0x00000000d5d00000, 0x0000000100000000)
  eden space 4608K, 100% used [0x00000000d5580000,0x00000000d5a00000,0x00000000d5a00000)
  from space 1024K, 70% used [0x00000000d5c00000,0x00000000d5cb4120,0x00000000d5d00000)
  to   space 1024K, 0% used [0x00000000d5a00000,0x00000000d5a00000,0x00000000d5b00000)
 ParOldGen       total 1292800K, used 1292414K [0x0000000080000000, 0x00000000cee80000, 0x00000000d5580000)
  object space 1292800K, 99% used [0x0000000080000000,0x00000000cee1f820,0x00000000cee80000)
 Metaspace       used 83463K, committed 84992K, reserved 1179648K
  class space    used 9802K, committed 10496K, reserved 1048576K
}
Event: 140.549 GC heap after
{Heap after GC invocations=1916 (full 3):
 PSYoungGen      total 5632K, used 800K [0x00000000d5580000, 0x00000000d5c80000, 0x0000000100000000)
  eden space 4608K, 0% used [0x00000000d5580000,0x00000000d5580000,0x00000000d5a00000)
  from space 1024K, 78% used [0x00000000d5a00000,0x00000000d5ac8000,0x00000000d5b00000)
  to   space 1024K, 0% used [0x00000000d5b80000,0x00000000d5b80000,0x00000000d5c80000)
 ParOldGen       total 1293312K, used 1292990K [0x0000000080000000, 0x00000000cef00000, 0x00000000d5580000)
  object space 1293312K, 99% used [0x0000000080000000,0x00000000ceeaf960,0x00000000cef00000)
 Metaspace       used 83463K, committed 84992K, reserved 1179648K
  class space    used 9802K, committed 10496K, reserved 1048576K
}
Event: 140.668 GC heap before
{Heap before GC invocations=1917 (full 3):
 PSYoungGen      total 5632K, used 5408K [0x00000000d5580000, 0x00000000d5c80000, 0x0000000100000000)
  eden space 4608K, 100% used [0x00000000d5580000,0x00000000d5a00000,0x00000000d5a00000)
  from space 1024K, 78% used [0x00000000d5a00000,0x00000000d5ac8000,0x00000000d5b00000)
  to   space 1024K, 0% used [0x00000000d5b80000,0x00000000d5b80000,0x00000000d5c80000)
 ParOldGen       total 1293312K, used 1292990K [0x0000000080000000, 0x00000000cef00000, 0x00000000d5580000)
  object space 1293312K, 99% used [0x0000000080000000,0x00000000ceeaf960,0x00000000cef00000)
 Metaspace       used 83495K, committed 85056K, reserved 1179648K
  class space    used 9802K, committed 10496K, reserved 1048576K
}
Event: 140.672 GC heap after
{Heap after GC invocations=1917 (full 3):
 PSYoungGen      total 5632K, used 736K [0x00000000d5580000, 0x00000000d5c80000, 0x0000000100000000)
  eden space 4608K, 0% used [0x00000000d5580000,0x00000000d5580000,0x00000000d5a00000)
  from space 1024K, 71% used [0x00000000d5b80000,0x00000000d5c38000,0x00000000d5c80000)
  to   space 1024K, 0% used [0x00000000d5a00000,0x00000000d5a00000,0x00000000d5b00000)
 ParOldGen       total 1293824K, used 1293662K [0x0000000080000000, 0x00000000cef80000, 0x00000000d5580000)
  object space 1293824K, 99% used [0x0000000080000000,0x00000000cef57960,0x00000000cef80000)
 Metaspace       used 83495K, committed 85056K, reserved 1179648K
  class space    used 9802K, committed 10496K, reserved 1048576K
}

Dll operation events (15 events):
Event: 0.032 Loaded shared library c:\Users\nicol\.vscode\extensions\redhat.java-1.46.0-win32-x64\jre\21.0.8-win32-x86_64\bin\java.dll
Event: 0.166 Loaded shared library c:\Users\nicol\.vscode\extensions\redhat.java-1.46.0-win32-x64\jre\21.0.8-win32-x86_64\bin\zip.dll
Event: 0.195 Loaded shared library C:\Users\nicol\.vscode\extensions\redhat.java-1.46.0-win32-x64\jre\21.0.8-win32-x86_64\bin\instrument.dll
Event: 0.205 Loaded shared library C:\Users\nicol\.vscode\extensions\redhat.java-1.46.0-win32-x64\jre\21.0.8-win32-x86_64\bin\net.dll
Event: 0.210 Loaded shared library C:\Users\nicol\.vscode\extensions\redhat.java-1.46.0-win32-x64\jre\21.0.8-win32-x86_64\bin\nio.dll
Event: 0.217 Loaded shared library C:\Users\nicol\.vscode\extensions\redhat.java-1.46.0-win32-x64\jre\21.0.8-win32-x86_64\bin\zip.dll
Event: 0.307 Loaded shared library C:\Users\nicol\.vscode\extensions\redhat.java-1.46.0-win32-x64\jre\21.0.8-win32-x86_64\bin\jimage.dll
Event: 0.526 Loaded shared library c:\Users\nicol\.vscode\extensions\redhat.java-1.46.0-win32-x64\jre\21.0.8-win32-x86_64\bin\verify.dll
Event: 25.328 Loaded shared library C:\Users\nicol\AppData\Roaming\Code\User\globalStorage\redhat.java\1.46.0\config_win\org.eclipse.equinox.launcher\org.eclipse.equinox.launcher.win32.win32.x86_64_1.2.1400.v20250801-0854\eclipse_11916.dll
Event: 44.298 Loaded shared library C:\Users\nicol\AppData\Local\Temp\jna-104814053\jna17755910223678539369.dll
Event: 50.126 Loaded shared library C:\Users\nicol\.vscode\extensions\redhat.java-1.46.0-win32-x64\jre\21.0.8-win32-x86_64\bin\sunmscapi.dll
Event: 51.430 Loaded shared library C:\Users\nicol\.vscode\extensions\redhat.java-1.46.0-win32-x64\jre\21.0.8-win32-x86_64\bin\extnet.dll
Event: 94.463 Loaded shared library C:\Users\nicol\.gradle\native\e1d6ef7f7dcc3fd88c89a11ec53ec762bb8ba0a96d01ffa2cd45eb1d1d8dd5c5\windows-amd64\native-platform.dll
Event: 106.598 Loaded shared library C:\Users\nicol\.vscode\extensions\redhat.java-1.46.0-win32-x64\jre\21.0.8-win32-x86_64\bin\management.dll
Event: 106.611 Loaded shared library C:\Users\nicol\.vscode\extensions\redhat.java-1.46.0-win32-x64\jre\21.0.8-win32-x86_64\bin\management_ext.dll

Deoptimization events (20 events):
Event: 140.316 Thread 0x000001effe17c1d0 DEOPT PACKING pc=0x000001ef8884fddc sp=0x00000039794fddc0
Event: 140.316 Thread 0x000001effe17c1d0 DEOPT UNPACKING pc=0x000001ef87583aa2 sp=0x00000039794fdd40 mode 2
Event: 140.316 Thread 0x000001effe17c1d0 Uncommon trap: trap_request=0xffffff45 fr.pc=0x000001ef8884fddc relative=0x00000000000006bc
Event: 140.316 Thread 0x000001effe17c1d0 Uncommon trap: reason=unstable_if action=reinterpret pc=0x000001ef8884fddc method=org.eclipse.core.internal.dtree.AbstractDataTreeNode.compareWith([Lorg/eclipse/core/internal/dtree/AbstractDataTreeNode;[Lorg/eclipse/core/internal/dtree/AbstractDataTreeNod
Event: 140.316 Thread 0x000001effe17c1d0 DEOPT PACKING pc=0x000001ef8884fddc sp=0x00000039794fde40
Event: 140.316 Thread 0x000001effe17c1d0 DEOPT UNPACKING pc=0x000001ef87583aa2 sp=0x00000039794fddc0 mode 2
Event: 140.358 Thread 0x000001effe17c1d0 DEOPT PACKING pc=0x000001ef80f6ff7e sp=0x00000039794fe340
Event: 140.358 Thread 0x000001effe17c1d0 DEOPT UNPACKING pc=0x000001ef87584242 sp=0x00000039794fd820 mode 0
Event: 140.609 Thread 0x000001effe17c1d0 Uncommon trap: trap_request=0xffffff45 fr.pc=0x000001ef8891dd1c relative=0x0000000000000f3c
Event: 140.609 Thread 0x000001effe17c1d0 Uncommon trap: reason=unstable_if action=reinterpret pc=0x000001ef8891dd1c method=org.eclipse.jdt.internal.core.builder.NameSet.add([C)[C @ 72 c2
Event: 140.609 Thread 0x000001effe17c1d0 DEOPT PACKING pc=0x000001ef8891dd1c sp=0x00000039794fe310
Event: 140.609 Thread 0x000001effe17c1d0 DEOPT UNPACKING pc=0x000001ef87583aa2 sp=0x00000039794fe200 mode 2
Event: 140.646 Thread 0x000001efdab9f290 Uncommon trap: trap_request=0xffffff6e fr.pc=0x000001ef88960320 relative=0x0000000000001320
Event: 140.646 Thread 0x000001efdab9f290 Uncommon trap: reason=loop_limit_check action=maybe_recompile pc=0x000001ef88960320 method=org.eclipse.jdt.internal.compiler.lookup.BlockScope.findVariable([C)Lorg/eclipse/jdt/internal/compiler/lookup/LocalVariableBinding; @ 65 c2
Event: 140.646 Thread 0x000001efdab9f290 DEOPT PACKING pc=0x000001ef88960320 sp=0x000000397cefecc0
Event: 140.646 Thread 0x000001efdab9f290 DEOPT UNPACKING pc=0x000001ef87583aa2 sp=0x000000397cefeb78 mode 2
Event: 140.768 Thread 0x000001effe17c1d0 Uncommon trap: trap_request=0xffffff45 fr.pc=0x000001ef886480a4 relative=0x0000000000000244
Event: 140.768 Thread 0x000001effe17c1d0 Uncommon trap: reason=unstable_if action=reinterpret pc=0x000001ef886480a4 method=org.eclipse.core.internal.dtree.DeltaDataTree.searchNodeAt(Lorg/eclipse/core/runtime/IPath;)Lorg/eclipse/core/internal/dtree/AbstractDataTreeNode; @ 103 c2
Event: 140.768 Thread 0x000001effe17c1d0 DEOPT PACKING pc=0x000001ef886480a4 sp=0x00000039794fe620
Event: 140.768 Thread 0x000001effe17c1d0 DEOPT UNPACKING pc=0x000001ef87583aa2 sp=0x00000039794fe5a8 mode 2

Classes loaded (20 events):
Event: 135.442 Loading class java/util/stream/Nodes$IntArrayNode done
Event: 135.442 Loading class java/util/stream/Nodes$IntFixedNodeBuilder done
Event: 135.442 Loading class java/util/stream/ReferencePipeline$4$1
Event: 135.443 Loading class java/util/stream/ReferencePipeline$4$1 done
Event: 137.042 Loading class java/util/stream/ReduceOps$4
Event: 137.042 Loading class java/util/stream/ReduceOps$4 done
Event: 137.042 Loading class java/util/stream/ReduceOps$4ReducingSink
Event: 137.042 Loading class java/util/stream/ReduceOps$4ReducingSink done
Event: 137.047 Loading class java/util/concurrent/CompletableFuture$UniApply
Event: 137.047 Loading class java/util/concurrent/CompletableFuture$UniApply done
Event: 137.048 Loading class java/nio/file/Files$2
Event: 137.056 Loading class java/nio/file/Files$2 done
Event: 137.057 Loading class java/util/concurrent/CompletableFuture$UniExceptionally
Event: 137.057 Loading class java/util/concurrent/CompletableFuture$UniExceptionally done
Event: 138.225 Loading class java/util/Hashtable$ValueCollection
Event: 138.226 Loading class java/util/Hashtable$ValueCollection done
Event: 138.228 Loading class java/util/concurrent/ConcurrentHashMap$KeySpliterator
Event: 138.228 Loading class java/util/concurrent/ConcurrentHashMap$KeySpliterator done
Event: 140.311 Loading class java/util/ArrayDeque$DeqSpliterator
Event: 140.312 Loading class java/util/ArrayDeque$DeqSpliterator done

Classes unloaded (7 events):
Event: 47.442 Thread 0x000001efefcd28a0 Unloading class 0x000001ef901b0800 'java/lang/invoke/LambdaForm$MH+0x000001ef901b0800'
Event: 47.442 Thread 0x000001efefcd28a0 Unloading class 0x000001ef901b0400 'java/lang/invoke/LambdaForm$MH+0x000001ef901b0400'
Event: 47.442 Thread 0x000001efefcd28a0 Unloading class 0x000001ef901b0000 'java/lang/invoke/LambdaForm$MH+0x000001ef901b0000'
Event: 47.442 Thread 0x000001efefcd28a0 Unloading class 0x000001ef901afc00 'java/lang/invoke/LambdaForm$MH+0x000001ef901afc00'
Event: 47.442 Thread 0x000001efefcd28a0 Unloading class 0x000001ef901af800 'java/lang/invoke/LambdaForm$BMH+0x000001ef901af800'
Event: 47.442 Thread 0x000001efefcd28a0 Unloading class 0x000001ef901af400 'java/lang/invoke/LambdaForm$DMH+0x000001ef901af400'
Event: 47.442 Thread 0x000001efefcd28a0 Unloading class 0x000001ef901ae000 'java/lang/invoke/LambdaForm$DMH+0x000001ef901ae000'

Classes redefined (0 events):
No events

Internal exceptions (20 events):
Event: 137.838 Thread 0x000001efff2ae6e0 Exception <a 'sun/nio/fs/WindowsException'{0x00000000d5855f50}> (0x00000000d5855f50) 
thrown [s\src\hotspot\share\prims\jni.cpp, line 520]
Event: 137.838 Thread 0x000001efff2acca0 Exception <a 'sun/nio/fs/WindowsException'{0x00000000d58576c0}> (0x00000000d58576c0) 
thrown [s\src\hotspot\share\prims\jni.cpp, line 520]
Event: 137.838 Thread 0x000001efff2ab8f0 Exception <a 'sun/nio/fs/WindowsException'{0x00000000d5854198}> (0x00000000d5854198) 
thrown [s\src\hotspot\share\prims\jni.cpp, line 520]
Event: 137.838 Thread 0x000001efd27967f0 Exception <a 'sun/nio/fs/WindowsException'{0x00000000d584fc20}> (0x00000000d584fc20) 
thrown [s\src\hotspot\share\prims\jni.cpp, line 520]
Event: 137.843 Thread 0x000001effe17c1d0 Exception <a 'sun/nio/fs/WindowsException'{0x00000000d5883b88}> (0x00000000d5883b88) 
thrown [s\src\hotspot\share\prims\jni.cpp, line 520]
Event: 137.843 Thread 0x000001efff2ab8f0 Exception <a 'sun/nio/fs/WindowsException'{0x00000000d5860dc8}> (0x00000000d5860dc8) 
thrown [s\src\hotspot\share\prims\jni.cpp, line 520]
Event: 137.844 Thread 0x000001efd27967f0 Exception <a 'sun/nio/fs/WindowsException'{0x00000000d5859a10}> (0x00000000d5859a10) 
thrown [s\src\hotspot\share\prims\jni.cpp, line 520]
Event: 137.845 Thread 0x000001efdbf92a40 Exception <a 'sun/nio/fs/WindowsException'{0x00000000d5862290}> (0x00000000d5862290) 
thrown [s\src\hotspot\share\prims\jni.cpp, line 520]
Event: 137.847 Thread 0x000001efff2ab8f0 Exception <a 'sun/nio/fs/WindowsException'{0x00000000d5887058}> (0x00000000d5887058) 
thrown [s\src\hotspot\share\prims\jni.cpp, line 520]
Event: 137.848 Thread 0x000001efff2abf80 Exception <a 'sun/nio/fs/WindowsException'{0x00000000d5897018}> (0x00000000d5897018) 
thrown [s\src\hotspot\share\prims\jni.cpp, line 520]
Event: 137.852 Thread 0x000001effe17c1d0 Exception <a 'sun/nio/fs/WindowsException'{0x00000000d58ab370}> (0x00000000d58ab370) 
thrown [s\src\hotspot\share\prims\jni.cpp, line 520]
Event: 137.852 Thread 0x000001efd27967f0 Exception <a 'sun/nio/fs/WindowsException'{0x00000000d58897f0}> (0x00000000d58897f0) 
thrown [s\src\hotspot\share\prims\jni.cpp, line 520]
Event: 138.232 Thread 0x000001effe17c1d0 Exception <a 'java/lang/NoSuchMethodError'{0x00000000d5687b38}: 'java.lang.Object java.lang.invoke.DirectMethodHandle$Holder.newInvokeSpecial(java.lang.Object, java.lang.Object, int, int, java.lang.Object)'> (0x00000000d5687b38) 
thrown [s\src\hotspot\share\interpreter\linkResolver.cpp, line 773]
Event: 138.301 Thread 0x000001efdab9f290 Exception <a 'java/lang/NoSuchMethodError'{0x00000000d59688e0}: 'void java.lang.invoke.DirectMethodHandle$Holder.invokeVirtual(java.lang.Object, java.lang.Object, java.lang.Object, java.lang.Object, java.lang.Object)'> (0x00000000d59688e0) 
thrown [s\src\hotspot\share\interpreter\linkResolver.cpp, line 773]
Event: 140.768 Thread 0x000001effe17c1d0 Exception <a 'sun/nio/fs/WindowsException'{0x00000000d5865290}> (0x00000000d5865290) 
thrown [s\src\hotspot\share\prims\jni.cpp, line 520]
Event: 140.768 Thread 0x000001effe17c1d0 Exception <a 'sun/nio/fs/WindowsException'{0x00000000d5865950}> (0x00000000d5865950) 
thrown [s\src\hotspot\share\prims\jni.cpp, line 520]
Event: 140.776 Thread 0x000001effe17c1d0 Exception <a 'sun/nio/fs/WindowsException'{0x00000000d58a2918}> (0x00000000d58a2918) 
thrown [s\src\hotspot\share\prims\jni.cpp, line 520]
Event: 140.776 Thread 0x000001effe17c1d0 Exception <a 'sun/nio/fs/WindowsException'{0x00000000d58a2fd8}> (0x00000000d58a2fd8) 
thrown [s\src\hotspot\share\prims\jni.cpp, line 520]
Event: 140.782 Thread 0x000001effe17c1d0 Exception <a 'sun/nio/fs/WindowsException'{0x00000000d58d8948}> (0x00000000d58d8948) 
thrown [s\src\hotspot\share\prims\jni.cpp, line 520]
Event: 140.782 Thread 0x000001effe17c1d0 Exception <a 'sun/nio/fs/WindowsException'{0x00000000d58d9008}> (0x00000000d58d9008) 
thrown [s\src\hotspot\share\prims\jni.cpp, line 520]

ZGC Phase Switch (0 events):
No events

VM Operations (20 events):
Event: 138.736 Executing VM operation: HandshakeAllThreads (Deoptimize)
Event: 138.736 Executing VM operation: HandshakeAllThreads (Deoptimize) done
Event: 138.761 Executing VM operation: ParallelGCFailedAllocation (Allocation Failure)
Event: 138.765 Executing VM operation: ParallelGCFailedAllocation (Allocation Failure) done
Event: 138.843 Executing VM operation: ParallelGCFailedAllocation (Allocation Failure)
Event: 138.849 Executing VM operation: ParallelGCFailedAllocation (Allocation Failure) done
Event: 139.039 Executing VM operation: ParallelGCFailedAllocation (Allocation Failure)
Event: 139.044 Executing VM operation: ParallelGCFailedAllocation (Allocation Failure) done
Event: 139.196 Executing VM operation: ParallelGCFailedAllocation (Allocation Failure)
Event: 139.202 Executing VM operation: ParallelGCFailedAllocation (Allocation Failure) done
Event: 139.276 Executing VM operation: ParallelGCFailedAllocation (Allocation Failure)
Event: 140.301 Executing VM operation: ParallelGCFailedAllocation (Allocation Failure) done
Event: 140.369 Executing VM operation: ParallelGCFailedAllocation (Allocation Failure)
Event: 140.375 Executing VM operation: ParallelGCFailedAllocation (Allocation Failure) done
Event: 140.420 Executing VM operation: ParallelGCFailedAllocation (Allocation Failure)
Event: 140.428 Executing VM operation: ParallelGCFailedAllocation (Allocation Failure) done
Event: 140.543 Executing VM operation: ParallelGCFailedAllocation (Allocation Failure)
Event: 140.549 Executing VM operation: ParallelGCFailedAllocation (Allocation Failure) done
Event: 140.668 Executing VM operation: ParallelGCFailedAllocation (Allocation Failure)
Event: 140.672 Executing VM operation: ParallelGCFailedAllocation (Allocation Failure) done

Memory protections (0 events):
No events

Nmethod flushes (20 events):
Event: 94.860 Thread 0x000001efefcd28a0 flushing  nmethod 0x000001ef80b10590
Event: 94.860 Thread 0x000001efefcd28a0 flushing  nmethod 0x000001ef80b10a10
Event: 94.860 Thread 0x000001efefcd28a0 flushing  nmethod 0x000001ef80b11f90
Event: 94.860 Thread 0x000001efefcd28a0 flushing  nmethod 0x000001ef80b2cb90
Event: 94.860 Thread 0x000001efefcd28a0 flushing  nmethod 0x000001ef80b39f90
Event: 94.860 Thread 0x000001efefcd28a0 flushing  nmethod 0x000001ef80b3ac10
Event: 94.860 Thread 0x000001efefcd28a0 flushing  nmethod 0x000001ef80b3b510
Event: 94.860 Thread 0x000001efefcd28a0 flushing  nmethod 0x000001ef80b3c410
Event: 94.860 Thread 0x000001efefcd28a0 flushing  nmethod 0x000001ef80b3cc90
Event: 94.860 Thread 0x000001efefcd28a0 flushing  nmethod 0x000001ef80b3d010
Event: 94.860 Thread 0x000001efefcd28a0 flushing  nmethod 0x000001ef80b3d510
Event: 94.860 Thread 0x000001efefcd28a0 flushing  nmethod 0x000001ef80b3e790
Event: 94.860 Thread 0x000001efefcd28a0 flushing  nmethod 0x000001ef80b3ec90
Event: 94.860 Thread 0x000001efefcd28a0 flushing  nmethod 0x000001ef80b42290
Event: 94.860 Thread 0x000001efefcd28a0 flushing  nmethod 0x000001ef80b69f10
Event: 94.860 Thread 0x000001efefcd28a0 flushing  nmethod 0x000001ef80b6bd10
Event: 94.860 Thread 0x000001efefcd28a0 flushing  nmethod 0x000001ef80b6e410
Event: 94.860 Thread 0x000001efefcd28a0 flushing  nmethod 0x000001ef80b6ea10
Event: 94.860 Thread 0x000001efefcd28a0 flushing  nmethod 0x000001ef80b6f290
Event: 94.860 Thread 0x000001efefcd28a0 flushing  nmethod 0x000001ef80b85e10

Events (20 events):
Event: 133.960 Thread 0x000001effe17d580 Thread added: 0x000001efdbf95830
Event: 133.960 Thread 0x000001effe17d580 Thread added: 0x000001efdbf95ec0
Event: 133.961 Thread 0x000001effe17d580 Thread added: 0x000001efdbf94480
Event: 133.961 Thread 0x000001effe17d580 Thread added: 0x000001efdbf93760
Event: 133.961 Thread 0x000001effe17d580 Thread added: 0x000001efdbf951a0
Event: 133.961 Thread 0x000001effe17d580 Thread added: 0x000001efdbf94b10
Event: 137.047 Thread 0x000001effe17ae20 Thread added: 0x000001efdab9d1c0
Event: 137.048 Thread 0x000001effe17ae20 Thread added: 0x000001efdab9ec00
Event: 137.056 Thread 0x000001efdab9ec00 Thread added: 0x000001efdab9dee0
Event: 137.057 Thread 0x000001efdab9d1c0 Thread added: 0x000001efdab9c4a0
Event: 137.057 Thread 0x000001efff2a9eb0 Thread added: 0x000001efdab9e570
Event: 137.058 Thread 0x000001efdab9e570 Thread added: 0x000001efdab9b780
Event: 137.060 Thread 0x000001efdab9c4a0 Thread added: 0x000001efdab9cb30
Event: 138.159 Thread 0x000001effe17c1d0 Thread added: 0x000001efdab9f290
Event: 138.233 Thread 0x000001effe17c1d0 Thread added: 0x000001efdab9be10
Event: 138.238 Thread 0x000001effe17c1d0 Thread added: 0x000001efdaba1360
Event: 138.238 Thread 0x000001effe17c1d0 Thread added: 0x000001efdaba19f0
Event: 138.238 Thread 0x000001effe17c1d0 Thread added: 0x000001efdab9ffb0
Event: 138.238 Thread 0x000001effe17c1d0 Thread added: 0x000001efdaba2080
Event: 138.239 Thread 0x000001effe17c1d0 Thread added: 0x000001efdaba0640


Dynamic libraries:
0x00007ff6f3250000 - 0x00007ff6f325e000 	c:\Users\nicol\.vscode\extensions\redhat.java-1.46.0-win32-x64\jre\21.0.8-win32-x86_64\bin\java.exe
0x00007ffccd360000 - 0x00007ffccd5c8000 	C:\WINDOWS\SYSTEM32\ntdll.dll
0x00007ffccbc10000 - 0x00007ffccbcd9000 	C:\WINDOWS\System32\KERNEL32.DLL
0x00007ffcca9e0000 - 0x00007ffccadd2000 	C:\WINDOWS\System32\KERNELBASE.dll
0x00007ffccade0000 - 0x00007ffccaf2b000 	C:\WINDOWS\System32\ucrtbase.dll
0x00007ffcb70a0000 - 0x00007ffcb70b8000 	c:\Users\nicol\.vscode\extensions\redhat.java-1.46.0-win32-x64\jre\21.0.8-win32-x86_64\bin\jli.dll
0x00007ffccb3d0000 - 0x00007ffccb595000 	C:\WINDOWS\System32\USER32.dll
0x00007ffcca6e0000 - 0x00007ffcca707000 	C:\WINDOWS\System32\win32u.dll
0x00007ffccd2f0000 - 0x00007ffccd31b000 	C:\WINDOWS\System32\GDI32.dll
0x00007ffcca4f0000 - 0x00007ffcca61d000 	C:\WINDOWS\System32\gdi32full.dll
0x00007ffcca710000 - 0x00007ffcca7b3000 	C:\WINDOWS\System32\msvcp_win.dll
0x00007ffcb6e90000 - 0x00007ffcb6eae000 	c:\Users\nicol\.vscode\extensions\redhat.java-1.46.0-win32-x64\jre\21.0.8-win32-x86_64\bin\VCRUNTIME140.dll
0x00007ffcb1fb0000 - 0x00007ffcb2243000 	C:\WINDOWS\WinSxS\amd64_microsoft.windows.common-controls_6595b64144ccf1df_6.0.26100.6899_none_3e0efeeae32e88c1\COMCTL32.dll
0x00007ffccbf20000 - 0x00007ffccbfc9000 	C:\WINDOWS\System32\msvcrt.dll
0x00007ffccbbd0000 - 0x00007ffccbbff000 	C:\WINDOWS\System32\IMM32.DLL
0x00007ffcc7140000 - 0x00007ffcc714c000 	c:\Users\nicol\.vscode\extensions\redhat.java-1.46.0-win32-x64\jre\21.0.8-win32-x86_64\bin\vcruntime140_1.dll
0x00007ffc75390000 - 0x00007ffc7541d000 	c:\Users\nicol\.vscode\extensions\redhat.java-1.46.0-win32-x64\jre\21.0.8-win32-x86_64\bin\msvcp140.dll
0x00007ffc619b0000 - 0x00007ffc62747000 	c:\Users\nicol\.vscode\extensions\redhat.java-1.46.0-win32-x64\jre\21.0.8-win32-x86_64\bin\server\jvm.dll
0x00007ffccb190000 - 0x00007ffccb244000 	C:\WINDOWS\System32\ADVAPI32.dll
0x00007ffccbfd0000 - 0x00007ffccc076000 	C:\WINDOWS\System32\sechost.dll
0x00007ffccbe00000 - 0x00007ffccbf18000 	C:\WINDOWS\System32\RPCRT4.dll
0x00007ffccd120000 - 0x00007ffccd194000 	C:\WINDOWS\System32\WS2_32.dll
0x00007ffcca350000 - 0x00007ffcca3ae000 	C:\WINDOWS\SYSTEM32\POWRPROF.dll
0x00007ffcbe2b0000 - 0x00007ffcbe2e5000 	C:\WINDOWS\SYSTEM32\WINMM.dll
0x00007ffcc2f20000 - 0x00007ffcc2f2b000 	C:\WINDOWS\SYSTEM32\VERSION.dll
0x00007ffcca330000 - 0x00007ffcca344000 	C:\WINDOWS\SYSTEM32\UMPDC.dll
0x00007ffcc9280000 - 0x00007ffcc929b000 	C:\WINDOWS\SYSTEM32\kernel.appcore.dll
0x00007ffcc1990000 - 0x00007ffcc199a000 	c:\Users\nicol\.vscode\extensions\redhat.java-1.46.0-win32-x64\jre\21.0.8-win32-x86_64\bin\jimage.dll
0x00007ffcc7d30000 - 0x00007ffcc7f72000 	C:\WINDOWS\SYSTEM32\DBGHELP.DLL
0x00007ffccb5a0000 - 0x00007ffccb91b000 	C:\WINDOWS\System32\combase.dll
0x00007ffccbcf0000 - 0x00007ffccbdc7000 	C:\WINDOWS\System32\OLEAUT32.dll
0x00007ffcb1f70000 - 0x00007ffcb1fac000 	C:\WINDOWS\SYSTEM32\dbgcore.DLL
0x00007ffcca940000 - 0x00007ffcca9d8000 	C:\WINDOWS\System32\bcryptPrimitives.dll
0x00007ffcbc0c0000 - 0x00007ffcbc0cf000 	c:\Users\nicol\.vscode\extensions\redhat.java-1.46.0-win32-x64\jre\21.0.8-win32-x86_64\bin\instrument.dll
0x00007ffcbc090000 - 0x00007ffcbc0af000 	c:\Users\nicol\.vscode\extensions\redhat.java-1.46.0-win32-x64\jre\21.0.8-win32-x86_64\bin\java.dll
0x00007ffccc510000 - 0x00007ffcccc5d000 	C:\WINDOWS\System32\SHELL32.dll
0x00007ffccafc0000 - 0x00007ffccb12b000 	C:\WINDOWS\System32\wintypes.dll
0x00007ffcc8120000 - 0x00007ffcc897d000 	C:\WINDOWS\SYSTEM32\windows.storage.dll
0x00007ffccb920000 - 0x00007ffccba12000 	C:\WINDOWS\System32\SHCORE.dll
0x00007ffccb2d0000 - 0x00007ffccb332000 	C:\WINDOWS\System32\shlwapi.dll
0x00007ffcca410000 - 0x00007ffcca439000 	C:\WINDOWS\SYSTEM32\profapi.dll
0x00007ffcb6a00000 - 0x00007ffcb6a18000 	c:\Users\nicol\.vscode\extensions\redhat.java-1.46.0-win32-x64\jre\21.0.8-win32-x86_64\bin\zip.dll
0x00007ffcc1880000 - 0x00007ffcc1890000 	C:\Users\nicol\.vscode\extensions\redhat.java-1.46.0-win32-x64\jre\21.0.8-win32-x86_64\bin\net.dll
0x00007ffcc3ab0000 - 0x00007ffcc3bcf000 	C:\WINDOWS\SYSTEM32\WINHTTP.dll
0x00007ffcc97d0000 - 0x00007ffcc983b000 	C:\WINDOWS\system32\mswsock.dll
0x00007ffcb4b00000 - 0x00007ffcb4b16000 	C:\Users\nicol\.vscode\extensions\redhat.java-1.46.0-win32-x64\jre\21.0.8-win32-x86_64\bin\nio.dll
0x00007ffcbc0b0000 - 0x00007ffcbc0c0000 	c:\Users\nicol\.vscode\extensions\redhat.java-1.46.0-win32-x64\jre\21.0.8-win32-x86_64\bin\verify.dll
0x00007ffcb1260000 - 0x00007ffcb12a4000 	C:\Users\nicol\AppData\Roaming\Code\User\globalStorage\redhat.java\1.46.0\config_win\org.eclipse.equinox.launcher\org.eclipse.equinox.launcher.win32.win32.x86_64_1.2.1400.v20250801-0854\eclipse_11916.dll
0x00007ffccba30000 - 0x00007ffccbbc8000 	C:\WINDOWS\System32\ole32.dll
0x00007ffcc9bb0000 - 0x00007ffcc9bcb000 	C:\WINDOWS\SYSTEM32\CRYPTSP.dll
0x00007ffcc91e0000 - 0x00007ffcc921b000 	C:\WINDOWS\system32\rsaenh.dll
0x00007ffcc9870000 - 0x00007ffcc989b000 	C:\WINDOWS\SYSTEM32\USERENV.dll
0x00007ffcca3e0000 - 0x00007ffcca406000 	C:\WINDOWS\SYSTEM32\bcrypt.dll
0x00007ffcc9a10000 - 0x00007ffcc9a1c000 	C:\WINDOWS\SYSTEM32\CRYPTBASE.dll
0x00007ffcc8c80000 - 0x00007ffcc8cb4000 	C:\WINDOWS\SYSTEM32\IPHLPAPI.DLL
0x00007ffcccc60000 - 0x00007ffcccc6a000 	C:\WINDOWS\System32\NSI.dll
0x00007ffc95350000 - 0x00007ffc95399000 	C:\Users\nicol\AppData\Local\Temp\jna-104814053\jna17755910223678539369.dll
0x00007ffccd110000 - 0x00007ffccd118000 	C:\WINDOWS\System32\PSAPI.DLL
0x00007ffcc3800000 - 0x00007ffcc381e000 	C:\WINDOWS\SYSTEM32\dhcpcsvc6.DLL
0x00007ffcc37d0000 - 0x00007ffcc37f3000 	C:\WINDOWS\SYSTEM32\dhcpcsvc.DLL
0x00007ffcbc660000 - 0x00007ffcbc66e000 	C:\Users\nicol\.vscode\extensions\redhat.java-1.46.0-win32-x64\jre\21.0.8-win32-x86_64\bin\sunmscapi.dll
0x00007ffcca7c0000 - 0x00007ffcca937000 	C:\WINDOWS\System32\CRYPT32.dll
0x00007ffcc9d00000 - 0x00007ffcc9d30000 	C:\WINDOWS\SYSTEM32\ncrypt.dll
0x00007ffcc9cb0000 - 0x00007ffcc9cef000 	C:\WINDOWS\SYSTEM32\NTASN1.dll
0x00007ffcc8cc0000 - 0x00007ffcc8de6000 	C:\WINDOWS\SYSTEM32\DNSAPI.dll
0x00007ffcc2ed0000 - 0x00007ffcc2edb000 	C:\Windows\System32\rasadhlp.dll
0x00007ffcc3030000 - 0x00007ffcc30b6000 	C:\WINDOWS\System32\fwpuclnt.dll
0x00007ffcbc650000 - 0x00007ffcbc659000 	C:\Users\nicol\.vscode\extensions\redhat.java-1.46.0-win32-x64\jre\21.0.8-win32-x86_64\bin\extnet.dll
0x00007ffcb9080000 - 0x00007ffcb90a7000 	C:\Users\nicol\.gradle\native\e1d6ef7f7dcc3fd88c89a11ec53ec762bb8ba0a96d01ffa2cd45eb1d1d8dd5c5\windows-amd64\native-platform.dll
0x00007ffcbc990000 - 0x00007ffcbc99a000 	C:\Users\nicol\.vscode\extensions\redhat.java-1.46.0-win32-x64\jre\21.0.8-win32-x86_64\bin\management.dll
0x00007ffcbc670000 - 0x00007ffcbc67b000 	C:\Users\nicol\.vscode\extensions\redhat.java-1.46.0-win32-x64\jre\21.0.8-win32-x86_64\bin\management_ext.dll
0x00007ffcc7280000 - 0x00007ffcc731f000 	C:\WINDOWS\system32\apphelp.dll
0x00007ffcb9220000 - 0x00007ffcb9228000 	C:\WINDOWS\system32\wshunix.dll

JVMTI agents:
c:\Users\nicol\.vscode\extensions\redhat.java-1.46.0-win32-x64\lombok\lombok-1.18.39-4050.jar path:c:\Users\nicol\.vscode\extensions\redhat.java-1.46.0-win32-x64\jre\21.0.8-win32-x86_64\bin\instrument.dll, loaded, initialized, instrumentlib options:none

dbghelp: loaded successfully - version: 4.0.5 - missing functions: none
symbol engine: initialized successfully - sym options: 0x614 - pdb path: .;c:\Users\nicol\.vscode\extensions\redhat.java-1.46.0-win32-x64\jre\21.0.8-win32-x86_64\bin;C:\WINDOWS\SYSTEM32;C:\WINDOWS\WinSxS\amd64_microsoft.windows.common-controls_6595b64144ccf1df_6.0.26100.6899_none_3e0efeeae32e88c1;c:\Users\nicol\.vscode\extensions\redhat.java-1.46.0-win32-x64\jre\21.0.8-win32-x86_64\bin\server;C:\Users\nicol\AppData\Roaming\Code\User\globalStorage\redhat.java\1.46.0\config_win\org.eclipse.equinox.launcher\org.eclipse.equinox.launcher.win32.win32.x86_64_1.2.1400.v20250801-0854;C:\Users\nicol\AppData\Local\Temp\jna-104814053;C:\Users\nicol\.gradle\native\e1d6ef7f7dcc3fd88c89a11ec53ec762bb8ba0a96d01ffa2cd45eb1d1d8dd5c5\windows-amd64

VM Arguments:
jvm_args: --add-modules=ALL-SYSTEM --add-opens=java.base/java.util=ALL-UNNAMED --add-opens=java.base/java.lang=ALL-UNNAMED --add-opens=java.base/sun.nio.fs=ALL-UNNAMED -Declipse.application=org.eclipse.jdt.ls.core.id1 -Dosgi.bundles.defaultStartLevel=4 -Declipse.product=org.eclipse.jdt.ls.core.product -Djava.import.generatesMetadataFilesAtProjectRoot=false -DDetectVMInstallationsJob.disabled=true -Dfile.encoding=utf8 -XX:+UseParallelGC -XX:GCTimeRatio=4 -XX:AdaptiveSizePolicyWeight=90 -Dsun.zip.disableMemoryMapping=true -Xmx2G -Xms100m -Xlog:disable -javaagent:c:\Users\nicol\.vscode\extensions\redhat.java-1.46.0-win32-x64\lombok\lombok-1.18.39-4050.jar -XX:+HeapDumpOnOutOfMemoryError -XX:HeapDumpPath=c:\Users\nicol\AppData\Roaming\Code\User\workspaceStorage\63505fe25d4a6000ec465075358af110\redhat.java -Daether.dependencyCollector.impl=bf 
java_command: c:\Users\nicol\.vscode\extensions\redhat.java-1.46.0-win32-x64\server\plugins\org.eclipse.equinox.launcher_1.7.0.v20250519-0528.jar -configuration c:\Users\nicol\AppData\Roaming\Code\User\globalStorage\redhat.java\1.46.0\config_win -data c:\Users\nicol\AppData\Roaming\Code\User\workspaceStorage\63505fe25d4a6000ec465075358af110\redhat.java\jdt_ws --pipe=\\.\pipe\lsp-cab9c3f60fcf7f1db27bc660ce9753d3-sock
java_class_path (initial): c:\Users\nicol\.vscode\extensions\redhat.java-1.46.0-win32-x64\server\plugins\org.eclipse.equinox.launcher_1.7.0.v20250519-0528.jar
Launcher Type: SUN_STANDARD

[Global flags]
    uintx AdaptiveSizePolicyWeight                 = 90                                        {product} {command line}
     intx CICompilerCount                          = 4                                         {product} {ergonomic}
    uintx GCTimeRatio                              = 4                                         {product} {command line}
     bool HeapDumpOnOutOfMemoryError               = true                                   {manageable} {command line}
    ccstr HeapDumpPath                             = c:\Users\nicol\AppData\Roaming\Code\User\workspaceStorage\63505fe25d4a6000ec465075358af110\redhat.java         {manageable} {command line}
   size_t InitialHeapSize                          = 104857600                                 {product} {command line}
   size_t MaxHeapSize                              = 2147483648                                {product} {command line}
   size_t MaxNewSize                               = 715653120                                 {product} {ergonomic}
   size_t MinHeapDeltaBytes                        = 524288                                    {product} {ergonomic}
   size_t MinHeapSize                              = 104857600                                 {product} {command line}
   size_t NewSize                                  = 34603008                                  {product} {ergonomic}
    uintx NonNMethodCodeHeapSize                   = 5839372                                {pd product} {ergonomic}
    uintx NonProfiledCodeHeapSize                  = 122909434                              {pd product} {ergonomic}
   size_t OldSize                                  = 70254592                                  {product} {ergonomic}
    uintx ProfiledCodeHeapSize                     = 122909434                              {pd product} {ergonomic}
    uintx ReservedCodeCacheSize                    = 251658240                              {pd product} {ergonomic}
     bool SegmentedCodeCache                       = true                                      {product} {ergonomic}
   size_t SoftMaxHeapSize                          = 2147483648                             {manageable} {ergonomic}
     bool UseCompressedOops                        = true                           {product lp64_product} {ergonomic}
     bool UseLargePagesIndividualAllocation        = false                                  {pd product} {ergonomic}
     bool UseParallelGC                            = true                                      {product} {command line}

Logging:
Log output configuration:
 #0: stdout all=off uptime,level,tags foldmultilines=false
 #1: stderr all=off uptime,level,tags foldmultilines=false

Environment Variables:
JAVA_HOME=C:\Program Files\Amazon Corretto\jdk17.0.15_6
PATH=C:\Program Files\NVIDIA GPU Computing Toolkit\CUDA\v13.0\bin\x64;C:\Program Files\NVIDIA GPU Computing Toolkit\CUDA\v13.0\bin;C:\Program Files\Amazon Corretto\jdk1.8.0_452\bin;C:\Program Files\Amazon Corretto\jdk11.0.27_6\bin;C:\Program Files\Amazon Corretto\jdk17.0.15_6\bin;C:\WINDOWS\system32;C:\WINDOWS;C:\WINDOWS\System32\Wbem;C:\WINDOWS\System32\WindowsPowerShell\v1.0\;C:\WINDOWS\System32\OpenSSH\;C:\Program Files\nodejs\;C:\Program Files\Git\cmd;C:\Program Files\NVIDIA Corporation\NVIDIA App\NvDLISR;C:\Program Files (x86)\NVIDIA Corporation\PhysX\Common;C:\Program Files\WireGuard\;C:\Gradle\gradle-4.10.2\bin;C:\Program Files (x86)\Windows Kits\10\Windows Performance Toolkit\;C:\Users\nicol\AppData\Local\Android\Sdk\platform-tools;C:\Program Files\NVIDIA GPU Computing Toolkit\CUDA\v12.8\bin;C:\Program Files\NVIDIA GPU Computing Toolkit\CUDA\v12.8\libnvvp;C:\Program Files\NVIDIA Corporation\Nsight Compute 2025.3.0\;C:\Program Files\Calibre2\;C:\Program Files\Docker\Docker\resources\bin;c:\Users\nicol\AppData\Local\Programs\Trae\bin;C:\Users\nicol\AppData\Local\Microsoft\WindowsApps;C:\Users\nicol\AppData\Local\Programs\Microsoft VS Code\bin;C:\Users\nicol\AppData\Roaming\npm;C:\Users\nicol\.bun\bin;C:\Users\nicol\AppData\Local\Microsoft\WinGet\Packages\Stripe.StripeCli_Microsoft.Winget.Source_8wekyb3d8bbwe;
USERNAME=nicol
OS=Windows_NT
PROCESSOR_IDENTIFIER=Intel64 Family 6 Model 165 Stepping 3, GenuineIntel
TMP=C:\Users\nicol\AppData\Local\Temp
TEMP=C:\Users\nicol\AppData\Local\Temp




Periodic native trim disabled

---------------  S Y S T E M  ---------------

OS:
 Windows 11 , 64 bit Build 26100 (10.0.26100.6725)
OS uptime: 2 days 5:04 hours
Hyper-V role detected

CPU: total 8 (initial active 8) (4 cores per cpu, 2 threads per core) family 6 model 165 stepping 3 microcode 0xe0, cx8, cmov, fxsr, ht, mmx, 3dnowpref, sse, sse2, sse3, ssse3, sse4.1, sse4.2, popcnt, lzcnt, tsc, tscinvbit, avx, avx2, aes, erms, clmul, bmi1, bmi2, adx, fma, vzeroupper, clflush, clflushopt, hv, rdtscp, f16c
Processor Information for the first 8 processors :
  Max Mhz: 3600, Current Mhz: 3600, Mhz Limit: 3600

Memory: 4k page, system-wide physical 8113M (535M free)
TotalPageFile size 32689M (AvailPageFile size 0M)
current process WorkingSet (physical memory assigned to process): 861M, peak: 1098M
current process commit charge ("private bytes"): 1675M, peak: 1687M

vm_info: OpenJDK 64-Bit Server VM (21.0.8+9-LTS) for windows-amd64 JRE (21.0.8+9-LTS), built on 2025-07-15T00:00:00Z by "admin" with MS VC++ 17.7 (VS2022)

END.
